Java HotSpot(TM) 64-Bit Server VM (25.101-b13) for windows-amd64 JRE (1.8.0_101-b13), built on Jun 22 2016 01:21:29 by "java_re" with MS VC++ 10.0 (VS2010)
Memory: 4k page, physical 25027604k(16298924k free), swap 50053348k(40748932k free)
CommandLine flags: -XX:CMSInitiatingOccupancyFraction=50 -XX:CMSMaxAbortablePrecleanTime=6000 -XX:+CMSParallelRemarkEnabled -XX:+CMSScavengeBeforeRemark -XX:ConcGCThreads=4 -XX:InitialHeapSize=536870912 -XX:MaxHeapSize=536870912 -XX:MaxTenuringThreshold=8 -XX:NewRatio=3 -XX:OldPLABSize=16 -XX:ParallelGCThreads=4 -XX:+ParallelRefProcEnabled -XX:PretenureSizeThreshold=67108864 -XX:+PrintGC -XX:+PrintGCApplicationStoppedTime -XX:+PrintGCDateStamps -XX:+PrintGCDetails -XX:+PrintGCTimeStamps -XX:+PrintHeapAtGC -XX:+PrintTenuringDistribution -XX:SurvivorRatio=4 -XX:TargetSurvivorRatio=90 -XX:ThreadStackSize=256 -XX:+UseCMSInitiatingOccupancyOnly -XX:+UseCompressedClassPointers -XX:+UseCompressedOops -XX:+UseConcMarkSweepGC -XX:-UseLargePagesIndividualAllocation -XX:+UseParNewGC 
2016-07-30T14:33:05.203+0200: 0.288: Total time for which application threads were stopped: 0.0001454 seconds, Stopping threads took: 0.0000119 seconds
2016-07-30T14:33:05.328+0200: 0.415: Total time for which application threads were stopped: 0.0000999 seconds, Stopping threads took: 0.0000091 seconds
2016-07-30T14:33:05.375+0200: 0.462: Total time for which application threads were stopped: 0.0001375 seconds, Stopping threads took: 0.0000107 seconds
2016-07-30T14:33:05.390+0200: 0.470: Total time for which application threads were stopped: 0.0001323 seconds, Stopping threads took: 0.0000111 seconds
{Heap before GC invocations=0 (full 0):
 par new generation   total 109248K, used 87424K [0x00000000e0000000, 0x00000000e8000000, 0x00000000e8000000)
  eden space 87424K, 100% used [0x00000000e0000000, 0x00000000e5560000, 0x00000000e5560000)
  from space 21824K,   0% used [0x00000000e5560000, 0x00000000e5560000, 0x00000000e6ab0000)
  to   space 21824K,   0% used [0x00000000e6ab0000, 0x00000000e6ab0000, 0x00000000e8000000)
 concurrent mark-sweep generation total 393216K, used 0K [0x00000000e8000000, 0x0000000100000000, 0x0000000100000000)
 Metaspace       used 10118K, capacity 10344K, committed 10496K, reserved 1058816K
  class space    used 1166K, capacity 1212K, committed 1280K, reserved 1048576K
2016-07-30T14:33:05.718+0200: 0.803: [GC (Allocation Failure) 2016-07-30T14:33:05.718+0200: 0.803: [ParNew
Desired survivor size 20112992 bytes, new threshold 8 (max 8)
- age   1:    5747016 bytes,    5747016 total
: 87424K->5683K(109248K), 0.0089486 secs] 87424K->5683K(502464K), 0.0091046 secs] [Times: user=0.02 sys=0.00, real=0.02 secs] 
Heap after GC invocations=1 (full 0):
 par new generation   total 109248K, used 5683K [0x00000000e0000000, 0x00000000e8000000, 0x00000000e8000000)
  eden space 87424K,   0% used [0x00000000e0000000, 0x00000000e0000000, 0x00000000e5560000)
  from space 21824K,  26% used [0x00000000e6ab0000, 0x00000000e703cfd8, 0x00000000e8000000)
  to   space 21824K,   0% used [0x00000000e5560000, 0x00000000e5560000, 0x00000000e6ab0000)
 concurrent mark-sweep generation total 393216K, used 0K [0x00000000e8000000, 0x0000000100000000, 0x0000000100000000)
 Metaspace       used 10118K, capacity 10344K, committed 10496K, reserved 1058816K
  class space    used 1166K, capacity 1212K, committed 1280K, reserved 1048576K
}
2016-07-30T14:33:05.733+0200: 0.812: Total time for which application threads were stopped: 0.0092417 seconds, Stopping threads took: 0.0000126 seconds
2016-07-30T14:33:05.827+0200: 0.911: Total time for which application threads were stopped: 0.0001442 seconds, Stopping threads took: 0.0000261 seconds
2016-07-30T14:33:06.030+0200: 1.106: Total time for which application threads were stopped: 0.0002244 seconds, Stopping threads took: 0.0000411 seconds
2016-07-30T14:33:06.030+0200: 1.107: Total time for which application threads were stopped: 0.0001256 seconds, Stopping threads took: 0.0000265 seconds
2016-07-30T14:33:06.030+0200: 1.110: Total time for which application threads were stopped: 0.0001213 seconds, Stopping threads took: 0.0000265 seconds
2016-07-30T14:33:06.591+0200: 1.668: Total time for which application threads were stopped: 0.0002275 seconds, Stopping threads took: 0.0000284 seconds
2016-07-30T14:33:06.607+0200: 1.689: Total time for which application threads were stopped: 0.0002560 seconds, Stopping threads took: 0.0000454 seconds
2016-07-30T14:33:07.621+0200: 2.696: Total time for which application threads were stopped: 0.0001173 seconds, Stopping threads took: 0.0000352 seconds
2016-07-30T14:33:09.041+0200: 4.116: Total time for which application threads were stopped: 0.0003634 seconds, Stopping threads took: 0.0000233 seconds
2016-07-30T14:33:12.560+0200: 7.639: Total time for which application threads were stopped: 0.0000913 seconds, Stopping threads took: 0.0000253 seconds
2016-07-30T14:33:12.560+0200: 7.639: Total time for which application threads were stopped: 0.0000446 seconds, Stopping threads took: 0.0000245 seconds
2016-07-30T14:33:12.575+0200: 7.650: Total time for which application threads were stopped: 0.0000478 seconds, Stopping threads took: 0.0000115 seconds
2016-07-30T14:33:12.591+0200: 7.670: Total time for which application threads were stopped: 0.0000648 seconds, Stopping threads took: 0.0000296 seconds
2016-07-30T14:33:12.591+0200: 7.670: Total time for which application threads were stopped: 0.0000482 seconds, Stopping threads took: 0.0000075 seconds
2016-07-30T14:33:13.605+0200: 8.679: Total time for which application threads were stopped: 0.0000711 seconds, Stopping threads took: 0.0000170 seconds
2016-07-30T14:33:31.846+0200: 26.920: Total time for which application threads were stopped: 0.0000569 seconds, Stopping threads took: 0.0000174 seconds
2016-07-30T14:33:35.902+0200: 30.976: Total time for which application threads were stopped: 0.0000857 seconds, Stopping threads took: 0.0000174 seconds
2016-07-30T14:33:36.916+0200: 31.990: Total time for which application threads were stopped: 0.0000755 seconds, Stopping threads took: 0.0000316 seconds
2016-07-30T14:33:37.930+0200: 33.004: Total time for which application threads were stopped: 0.0000877 seconds, Stopping threads took: 0.0000304 seconds
2016-07-30T14:33:53.140+0200: 48.213: Total time for which application threads were stopped: 0.0000695 seconds, Stopping threads took: 0.0000316 seconds
2016-07-30T14:34:06.322+0200: 61.395: Total time for which application threads were stopped: 0.0000652 seconds, Stopping threads took: 0.0000316 seconds
2016-07-30T14:37:12.822+0200: 247.888: Total time for which application threads were stopped: 0.0001786 seconds, Stopping threads took: 0.0000632 seconds
2016-07-30T14:39:21.600+0200: 376.661: Total time for which application threads were stopped: 0.0002615 seconds, Stopping threads took: 0.0000332 seconds
2016-07-30T15:14:36.372+0200: 2491.352: Total time for which application threads were stopped: 0.0001351 seconds, Stopping threads took: 0.0000411 seconds
2016-07-30T15:16:15.744+0200: 2590.720: Total time for which application threads were stopped: 0.0001225 seconds, Stopping threads took: 0.0000340 seconds
2016-07-30T15:54:55.755+0200: 4910.643: Total time for which application threads were stopped: 0.0001165 seconds, Stopping threads took: 0.0000312 seconds
2016-07-30T15:59:40.689+0200: 5195.566: Total time for which application threads were stopped: 0.0001146 seconds, Stopping threads took: 0.0000316 seconds
2016-07-30T15:59:44.745+0200: 5199.622: Total time for which application threads were stopped: 0.0001442 seconds, Stopping threads took: 0.0000359 seconds
2016-07-30T16:34:10.167+0200: 7264.964: Total time for which application threads were stopped: 0.0000770 seconds, Stopping threads took: 0.0000194 seconds
2016-07-30T16:41:09.963+0200: 7684.744: Total time for which application threads were stopped: 0.0001157 seconds, Stopping threads took: 0.0000427 seconds
2016-07-30T17:45:41.353+0200: 11555.985: Total time for which application threads were stopped: 0.0001063 seconds, Stopping threads took: 0.0000249 seconds
2016-07-30T18:49:13.960+0200: 15368.446: Total time for which application threads were stopped: 0.0001272 seconds, Stopping threads took: 0.0000352 seconds
{Heap before GC invocations=1 (full 0):
 par new generation   total 109248K, used 93107K [0x00000000e0000000, 0x00000000e8000000, 0x00000000e8000000)
  eden space 87424K, 100% used [0x00000000e0000000, 0x00000000e5560000, 0x00000000e5560000)
  from space 21824K,  26% used [0x00000000e6ab0000, 0x00000000e703cfd8, 0x00000000e8000000)
  to   space 21824K,   0% used [0x00000000e5560000, 0x00000000e5560000, 0x00000000e6ab0000)
 concurrent mark-sweep generation total 393216K, used 0K [0x00000000e8000000, 0x0000000100000000, 0x0000000100000000)
 Metaspace       used 20211K, capacity 20500K, committed 20736K, reserved 1067008K
  class space    used 2432K, capacity 2552K, committed 2560K, reserved 1048576K
2016-07-30T22:36:14.216+0200: 28988.181: [GC (Allocation Failure) 2016-07-30T22:36:14.216+0200: 28988.181: [ParNew
Desired survivor size 20112992 bytes, new threshold 8 (max 8)
- age   1:    8583488 bytes,    8583488 total
- age   2:    2572752 bytes,   11156240 total
: 93107K->14071K(109248K), 0.0235855 secs] 93107K->14071K(502464K), 0.0237064 secs] [Times: user=0.00 sys=0.02, real=0.02 secs] 
Heap after GC invocations=2 (full 0):
 par new generation   total 109248K, used 14071K [0x00000000e0000000, 0x00000000e8000000, 0x00000000e8000000)
  eden space 87424K,   0% used [0x00000000e0000000, 0x00000000e0000000, 0x00000000e5560000)
  from space 21824K,  64% used [0x00000000e5560000, 0x00000000e631de18, 0x00000000e6ab0000)
  to   space 21824K,   0% used [0x00000000e6ab0000, 0x00000000e6ab0000, 0x00000000e8000000)
 concurrent mark-sweep generation total 393216K, used 0K [0x00000000e8000000, 0x0000000100000000, 0x0000000100000000)
 Metaspace       used 20211K, capacity 20500K, committed 20736K, reserved 1067008K
  class space    used 2432K, capacity 2552K, committed 2560K, reserved 1048576K
}
2016-07-30T22:36:14.232+0200: 28988.205: Total time for which application threads were stopped: 0.0239947 seconds, Stopping threads took: 0.0000265 seconds
2016-07-30T22:36:15.246+0200: 28989.210: Total time for which application threads were stopped: 0.0001359 seconds, Stopping threads took: 0.0000344 seconds
2016-07-31T07:38:25.816+0200: 61518.533: Total time for which application threads were stopped: 0.0001082 seconds, Stopping threads took: 0.0000403 seconds
2016-07-31T07:38:30.886+0200: 61523.603: Total time for which application threads were stopped: 0.0001185 seconds, Stopping threads took: 0.0000308 seconds
2016-07-31T07:45:50.963+0200: 61963.663: Total time for which application threads were stopped: 0.0001371 seconds, Stopping threads took: 0.0000277 seconds
2016-07-31T07:48:56.525+0200: 62149.218: Total time for which application threads were stopped: 0.0001181 seconds, Stopping threads took: 0.0000312 seconds
2016-07-31T10:00:23.065+0200: 70035.469: Total time for which application threads were stopped: 0.0000723 seconds, Stopping threads took: 0.0000119 seconds
2016-07-31T10:00:23.065+0200: 70035.470: Total time for which application threads were stopped: 0.0000431 seconds, Stopping threads took: 0.0000213 seconds
2016-07-31T10:00:23.081+0200: 70035.482: Total time for which application threads were stopped: 0.0000920 seconds, Stopping threads took: 0.0000561 seconds
2016-07-31T10:00:23.643+0200: 70036.039: Total time for which application threads were stopped: 0.0000948 seconds, Stopping threads took: 0.0000190 seconds
2016-07-31T10:00:23.643+0200: 70036.040: Total time for which application threads were stopped: 0.0000691 seconds, Stopping threads took: 0.0000158 seconds
2016-07-31T10:00:24.229+0200: 70036.627: Total time for which application threads were stopped: 0.0000889 seconds, Stopping threads took: 0.0000320 seconds
Heap
 par new generation   total 109248K, used 24863K [0x00000000e0000000, 0x00000000e8000000, 0x00000000e8000000)
  eden space 87424K,  12% used [0x00000000e0000000, 0x00000000e0a8a128, 0x00000000e5560000)
  from space 21824K,  64% used [0x00000000e5560000, 0x00000000e631de18, 0x00000000e6ab0000)
  to   space 21824K,   0% used [0x00000000e6ab0000, 0x00000000e6ab0000, 0x00000000e8000000)
 concurrent mark-sweep generation total 393216K, used 0K [0x00000000e8000000, 0x0000000100000000, 0x0000000100000000)
 Metaspace       used 20320K, capacity 20628K, committed 20736K, reserved 1067008K
  class space    used 2443K, capacity 2552K, committed 2560K, reserved 1048576K
